MO divider_12 NULL divider_12.v vlg0D/divider__12.bin 1762735871
MO divider_clk NULL divider_clk.v vlg30/divider__clk.bin 1762735871
MO top_module NULL top.v vlg2C/top__module.bin 1762270927
MO top NULL top.v vlg6F/top.bin 1762735871
MO freq_controller NULL freq_controller.v vlg6D/freq__controller.bin 1762735871
MO divider_8 NULL divider_8.v vlg66/divider__8.bin 1762735871
MO simple_button_counter NULL simple_button_counter.v vlg64/simple__button__counter.bin 1762735871
